{
  "color": {
    "primary": {
      "$value": {
        "colorSpace": "srgb",
        "components": [0, 0.498, 1],
        "alpha": 1
      },
      "$type": "color"
    },
    "secondary": {
      "$value": {
        "colorSpace": "srgb",
        "components": [0.498, 0, 1],
        "alpha": 1
      },
      "$type": "color"
    },
    "neutral": {
      "100": {
        "$value": {
          "colorSpace": "srgb",
          "components": [0.961, 0.961, 0.961],
          "alpha": 1
        },
        "$type": "color"
      },
      "900": {
        "$value": {
          "colorSpace": "srgb",
          "components": [0.129, 0.129, 0.129],
          "alpha": 1
        },
        "$type": "color"
      }
    }
  },
  "typography": {
    "fontFamily": {
      "sans": {
        "$value": ["Inter", "system-ui", "sans-serif"],
        "$type": "fontFamily"
      },
      "mono": {
        "$value": ["Fira Code", "monospace"],
        "$type": "fontFamily"
      }
    },
    "fontSize": {
      "xs": {
        "$value": {
          "value": 12,
          "unit": "px"
        },
        "$type": "dimension"
      },
      "sm": {
        "$value": {
          "value": 14,
          "unit": "px"
        },
        "$type": "dimension"
      },
      "base": {
        "$value": {
          "value": 16,
          "unit": "px"
        },
        "$type": "dimension"
      },
      "lg": {
        "$value": {
          "value": 18,
          "unit": "px"
        },
        "$type": "dimension"
      },
      "xl": {
        "$value": {
          "value": 20,
          "unit": "px"
        },
        "$type": "dimension"
      }
    },
    "fontWeight": {
      "regular": {
        "$value": 400,
        "$type": "number"
      },
      "medium": {
        "$value": 500,
        "$type": "number"
      },
      "bold": {
        "$value": 700,
        "$type": "number"
      }
    }
  }
}
